Updated start command to specify a missing config file.
STARTING app...
Could not start the service.
No need for a web client for this test.
Stopping service
Waiting for valgrind to finish.
