STARTING app...
Now ready
No need for a web client for this test.
Correct DB version.
Diff of generated-to-reference database: 
101c101,102
< INSERT INTO "user_access" VALUES('admin','6e6a83f742b28434aea09d7e8534647a','Admin User','[YYYY-MM-DD HH:MM:SS]','automatically',1);
---
> INSERT INTO "user_access" VALUES('admin','6e6a83f742b28434aea09d7e8534647a','Admin User','[YYYY-MM-DD HH:MM:SS]','automatically',1);
> INSERT INTO "user_access" VALUES('test-user','63294d4f9a52894e2ef9298d1b8ac455','Test - User','[YYYY-MM-DD HH:MM:SS]','automatically',2);

Stopping service
Waiting for valgrind to finish.
