Copying pre defined environment
Copying default database
STARTING app...
Now ready
No need for a web client for this test.
Sending request = action=checkLogin&password=password&username=test-user
Sending request = action=doScan&deviceid=test%3A0&format=Grey%20Scale&ocr=-&pagelength=100&pages=2&resolution=100
startScan = $VAR1 = {
  'DoScan' => {
    'scanuuid' => '[ZZZZZZZZ-UUID-ZZZZ-ZZZZ-ZZZZZZZZZZZZ]'
  }
};

Sending request = action=doScan&deviceid=test%3A0&format=Grey%20Scale&ocr=-&pagelength=100&pages=2&resolution=100
blocked Scan, request = $VAR1 = {
  'DoScan' => {
    'scanuuid' => '[ZZZZZZZZ-UUID-ZZZZ-ZZZZ-ZZZZZZZZZZZZ]'
  }
};

blocked Scan, result = Correctly Marked as blocked
Sending request = action=nextPageReady&scanprogressid=[ZZZZZZZZ-UUID-ZZZZ-ZZZZ-ZZZZZZZZZZZZ]
Result of page turn request = $VAR1 = {
  'NextPageReady' => {
    'result' => 'OK'
  }
};

Stopping service
Waiting for valgrind to finish.
