Copying pre defined environment
Copying default database
STARTING app...
Now ready
No need for a web client for this test.
Sending request = action=doScan&deviceid=test%3A0&format=Grey%20Scale&ocr=-&pagelength=100&pages=2&resolution=300
startScan = $VAR1 = {
  'DoScan' => {
    'scanuuid' => '4cd1c8f5-5a9c-4500-af77-483e51fe8efd'
  }
};

Sending request = action=getScanningProgress&scanprogressid=4cd1c8f5-5a9c-4500-af77-483e51fe8efd
Sending request = action=getScanningProgress&scanprogressid=4cd1c8f5-5a9c-4500-af77-483e51fe8efd
Sending request = action=getScanningProgress&scanprogressid=4cd1c8f5-5a9c-4500-af77-483e51fe8efd
Sending request = action=getScanningProgress&scanprogressid=4cd1c8f5-5a9c-4500-af77-483e51fe8efd
Sending request = action=getScanningProgress&scanprogressid=4cd1c8f5-5a9c-4500-af77-483e51fe8efd
Sending request = action=getScanningProgress&scanprogressid=4cd1c8f5-5a9c-4500-af77-483e51fe8efd
Sending request = action=getScanningProgress&scanprogressid=4cd1c8f5-5a9c-4500-af77-483e51fe8efd
Sending request = action=getScanningProgress&scanprogressid=4cd1c8f5-5a9c-4500-af77-483e51fe8efd
Sending request = action=getScanningProgress&scanprogressid=4cd1c8f5-5a9c-4500-af77-483e51fe8efd
Sending request = action=getScanningProgress&scanprogressid=4cd1c8f5-5a9c-4500-af77-483e51fe8efd
Sending request = action=getScanningProgress&scanprogressid=4cd1c8f5-5a9c-4500-af77-483e51fe8efd
Sending request = action=getScanningProgress&scanprogressid=4cd1c8f5-5a9c-4500-af77-483e51fe8efd
Sending request = action=getScanningProgress&scanprogressid=4cd1c8f5-5a9c-4500-af77-483e51fe8efd
Sending request = action=getScanningProgress&scanprogressid=4cd1c8f5-5a9c-4500-af77-483e51fe8efd
Sending request = action=getScanningProgress&scanprogressid=4cd1c8f5-5a9c-4500-af77-483e51fe8efd
Sending request = action=getScanningProgress&scanprogressid=4cd1c8f5-5a9c-4500-af77-483e51fe8efd
Sending request = action=getScanningProgress&scanprogressid=4cd1c8f5-5a9c-4500-af77-483e51fe8efd
Sending request = action=getScanningProgress&scanprogressid=4cd1c8f5-5a9c-4500-af77-483e51fe8efd
Sending request = action=getScanningProgress&scanprogressid=4cd1c8f5-5a9c-4500-af77-483e51fe8efd
Sending request = action=getScanningProgress&scanprogressid=4cd1c8f5-5a9c-4500-af77-483e51fe8efd
Sending request = action=getScanningProgress&scanprogressid=4cd1c8f5-5a9c-4500-af77-483e51fe8efd
Sending request = action=getScanningProgress&scanprogressid=4cd1c8f5-5a9c-4500-af77-483e51fe8efd
Sending request = action=getScanningProgress&scanprogressid=4cd1c8f5-5a9c-4500-af77-483e51fe8efd
Sending request = action=getScanningProgress&scanprogressid=4cd1c8f5-5a9c-4500-af77-483e51fe8efd
Sending request = action=getScanningProgress&scanprogressid=4cd1c8f5-5a9c-4500-af77-483e51fe8efd
Sending request = action=getScanningProgress&scanprogressid=4cd1c8f5-5a9c-4500-af77-483e51fe8efd
Sending request = action=getScanningProgress&scanprogressid=4cd1c8f5-5a9c-4500-af77-483e51fe8efd
Sending request = action=getScanningProgress&scanprogressid=4cd1c8f5-5a9c-4500-af77-483e51fe8efd
Sending request = action=getScanningProgress&scanprogressid=4cd1c8f5-5a9c-4500-af77-483e51fe8efd
Sending request = action=getScanningProgress&scanprogressid=4cd1c8f5-5a9c-4500-af77-483e51fe8efd
Sending request = action=getScanningProgress&scanprogressid=4cd1c8f5-5a9c-4500-af77-483e51fe8efd
Sending request = action=getScanningProgress&scanprogressid=4cd1c8f5-5a9c-4500-af77-483e51fe8efd
Sending request = action=getScanningProgress&scanprogressid=4cd1c8f5-5a9c-4500-af77-483e51fe8efd
Sending request = action=getScanningProgress&scanprogressid=4cd1c8f5-5a9c-4500-af77-483e51fe8efd
Sending request = action=getScanningProgress&scanprogressid=4cd1c8f5-5a9c-4500-af77-483e51fe8efd
Sending request = action=getScanningProgress&scanprogressid=4cd1c8f5-5a9c-4500-af77-483e51fe8efd
Sending request = action=getScanningProgress&scanprogressid=4cd1c8f5-5a9c-4500-af77-483e51fe8efd
Sending request = action=getScanningProgress&scanprogressid=4cd1c8f5-5a9c-4500-af77-483e51fe8efd
Sending request = action=getScanningProgress&scanprogressid=4cd1c8f5-5a9c-4500-af77-483e51fe8efd
Sending request = action=getScanningProgress&scanprogressid=4cd1c8f5-5a9c-4500-af77-483e51fe8efd
Sending request = action=getScanningProgress&scanprogressid=4cd1c8f5-5a9c-4500-af77-483e51fe8efd
Sending request = action=getScanningProgress&scanprogressid=4cd1c8f5-5a9c-4500-af77-483e51fe8efd
Sending request = action=getScanningProgress&scanprogressid=4cd1c8f5-5a9c-4500-af77-483e51fe8efd
Sending request = action=getScanningProgress&scanprogressid=4cd1c8f5-5a9c-4500-af77-483e51fe8efd
Sending request = action=getScanningProgress&scanprogressid=4cd1c8f5-5a9c-4500-af77-483e51fe8efd
Sending request = action=getScanningProgress&scanprogressid=4cd1c8f5-5a9c-4500-af77-483e51fe8efd
Sending request = action=getScanningProgress&scanprogressid=4cd1c8f5-5a9c-4500-af77-483e51fe8efd
Sending request = action=getScanningProgress&scanprogressid=4cd1c8f5-5a9c-4500-af77-483e51fe8efd
Sending request = action=getScanningProgress&scanprogressid=4cd1c8f5-5a9c-4500-af77-483e51fe8efd
Sending request = action=getScanningProgress&scanprogressid=4cd1c8f5-5a9c-4500-af77-483e51fe8efd
Sending request = action=getScanningProgress&scanprogressid=4cd1c8f5-5a9c-4500-af77-483e51fe8efd
Sending request = action=getScanningProgress&scanprogressid=4cd1c8f5-5a9c-4500-af77-483e51fe8efd
Sending request = action=getScanningProgress&scanprogressid=4cd1c8f5-5a9c-4500-af77-483e51fe8efd
Sending request = action=getScanningProgress&scanprogressid=4cd1c8f5-5a9c-4500-af77-483e51fe8efd
Sending request = action=getScanningProgress&scanprogressid=4cd1c8f5-5a9c-4500-af77-483e51fe8efd
Sending request = action=getScanningProgress&scanprogressid=4cd1c8f5-5a9c-4500-af77-483e51fe8efd
Sending request = action=getScanningProgress&scanprogressid=4cd1c8f5-5a9c-4500-af77-483e51fe8efd
Sending request = action=getScanningProgress&scanprogressid=4cd1c8f5-5a9c-4500-af77-483e51fe8efd
Sending request = action=getScanningProgress&scanprogressid=4cd1c8f5-5a9c-4500-af77-483e51fe8efd
Sending request = action=getScanningProgress&scanprogressid=4cd1c8f5-5a9c-4500-af77-483e51fe8efd
Sending request = action=getScanningProgress&scanprogressid=4cd1c8f5-5a9c-4500-af77-483e51fe8efd
Sending request = action=getScanningProgress&scanprogressid=4cd1c8f5-5a9c-4500-af77-483e51fe8efd
Sending request = action=getScanningProgress&scanprogressid=4cd1c8f5-5a9c-4500-af77-483e51fe8efd
Sending request = action=getScanningProgress&scanprogressid=4cd1c8f5-5a9c-4500-af77-483e51fe8efd
Sending request = action=getScanningProgress&scanprogressid=4cd1c8f5-5a9c-4500-af77-483e51fe8efd
Sending request = action=getScanningProgress&scanprogressid=4cd1c8f5-5a9c-4500-af77-483e51fe8efd
Sending request = action=getScanningProgress&scanprogressid=4cd1c8f5-5a9c-4500-af77-483e51fe8efd
Sending request = action=getScanningProgress&scanprogressid=4cd1c8f5-5a9c-4500-af77-483e51fe8efd
Sending request = action=getScanningProgress&scanprogressid=4cd1c8f5-5a9c-4500-af77-483e51fe8efd
Sending request = action=getScanningProgress&scanprogressid=4cd1c8f5-5a9c-4500-af77-483e51fe8efd
Sending request = action=getScanningProgress&scanprogressid=4cd1c8f5-5a9c-4500-af77-483e51fe8efd
Sending request = action=getScanningProgress&scanprogressid=4cd1c8f5-5a9c-4500-af77-483e51fe8efd
Sending request = action=getScanningProgress&scanprogressid=4cd1c8f5-5a9c-4500-af77-483e51fe8efd
Sending request = action=getScanningProgress&scanprogressid=4cd1c8f5-5a9c-4500-af77-483e51fe8efd
Sending request = action=getScanningProgress&scanprogressid=4cd1c8f5-5a9c-4500-af77-483e51fe8efd
Sending request = action=getScanningProgress&scanprogressid=4cd1c8f5-5a9c-4500-af77-483e51fe8efd
Sending request = action=getScanningProgress&scanprogressid=4cd1c8f5-5a9c-4500-af77-483e51fe8efd
Sending request = action=getScanningProgress&scanprogressid=4cd1c8f5-5a9c-4500-af77-483e51fe8efd
Sending request = action=getScanningProgress&scanprogressid=4cd1c8f5-5a9c-4500-af77-483e51fe8efd
Sending request = action=getScanningProgress&scanprogressid=4cd1c8f5-5a9c-4500-af77-483e51fe8efd
Sending request = action=getScanningProgress&scanprogressid=4cd1c8f5-5a9c-4500-af77-483e51fe8efd
Sending request = action=getScanningProgress&scanprogressid=4cd1c8f5-5a9c-4500-af77-483e51fe8efd
Sending request = action=getScanningProgress&scanprogressid=4cd1c8f5-5a9c-4500-af77-483e51fe8efd
Sending request = action=getScanningProgress&scanprogressid=4cd1c8f5-5a9c-4500-af77-483e51fe8efd
Sending request = action=getScanningProgress&scanprogressid=4cd1c8f5-5a9c-4500-af77-483e51fe8efd
Sending request = action=getScanningProgress&scanprogressid=4cd1c8f5-5a9c-4500-af77-483e51fe8efd
Sending request = action=getScanningProgress&scanprogressid=4cd1c8f5-5a9c-4500-af77-483e51fe8efd
Sending request = action=getScanningProgress&scanprogressid=4cd1c8f5-5a9c-4500-af77-483e51fe8efd
Sending request = action=getScanningProgress&scanprogressid=4cd1c8f5-5a9c-4500-af77-483e51fe8efd
Sending request = action=getScanningProgress&scanprogressid=4cd1c8f5-5a9c-4500-af77-483e51fe8efd
Sending request = action=getScanningProgress&scanprogressid=4cd1c8f5-5a9c-4500-af77-483e51fe8efd
Sending request = action=getScanningProgress&scanprogressid=4cd1c8f5-5a9c-4500-af77-483e51fe8efd
Sending request = action=getScanningProgress&scanprogressid=4cd1c8f5-5a9c-4500-af77-483e51fe8efd
Sending request = action=getScanningProgress&scanprogressid=4cd1c8f5-5a9c-4500-af77-483e51fe8efd
Sending request = action=getScanningProgress&scanprogressid=4cd1c8f5-5a9c-4500-af77-483e51fe8efd
Sending request = action=getScanningProgress&scanprogressid=4cd1c8f5-5a9c-4500-af77-483e51fe8efd
Sending request = action=getScanningProgress&scanprogressid=4cd1c8f5-5a9c-4500-af77-483e51fe8efd
Sending request = action=getScanningProgress&scanprogressid=4cd1c8f5-5a9c-4500-af77-483e51fe8efd
Sending request = action=getScanningProgress&scanprogressid=4cd1c8f5-5a9c-4500-af77-483e51fe8efd
Sending request = action=getScanningProgress&scanprogressid=4cd1c8f5-5a9c-4500-af77-483e51fe8efd
Sending request = action=getScanningProgress&scanprogressid=4cd1c8f5-5a9c-4500-af77-483e51fe8efd
Sending request = action=getScanningProgress&scanprogressid=4cd1c8f5-5a9c-4500-af77-483e51fe8efd
Sending request = action=getScanningProgress&scanprogressid=4cd1c8f5-5a9c-4500-af77-483e51fe8efd
Sending request = action=getScanningProgress&scanprogressid=4cd1c8f5-5a9c-4500-af77-483e51fe8efd
Sending request = action=getScanningProgress&scanprogressid=4cd1c8f5-5a9c-4500-af77-483e51fe8efd
Sending request = action=getScanningProgress&scanprogressid=4cd1c8f5-5a9c-4500-af77-483e51fe8efd
Sending request = action=getScanningProgress&scanprogressid=4cd1c8f5-5a9c-4500-af77-483e51fe8efd
Sending request = action=getScanningProgress&scanprogressid=4cd1c8f5-5a9c-4500-af77-483e51fe8efd
Sending request = action=getScanningProgress&scanprogressid=4cd1c8f5-5a9c-4500-af77-483e51fe8efd
Sending request = action=getScanningProgress&scanprogressid=4cd1c8f5-5a9c-4500-af77-483e51fe8efd
Message stating, were waiting = $VAR1 = {
  'ScanningProgress' => {
    'status' => '7',
    'value' => '2'
  }
};

Sending request = action=nextPageReady&scanprogressid=4cd1c8f5-5a9c-4500-af77-483e51fe8efd
Result of page turn request = $VAR1 = {
  'NextPageReady' => {
    'result' => 'OK'
  }
};

Sending request = action=getScanningProgress&scanprogressid=4cd1c8f5-5a9c-4500-af77-483e51fe8efd
Sending request = action=getScanningProgress&scanprogressid=4cd1c8f5-5a9c-4500-af77-483e51fe8efd
Sending request = action=getScanningProgress&scanprogressid=4cd1c8f5-5a9c-4500-af77-483e51fe8efd
Sending request = action=getScanningProgress&scanprogressid=4cd1c8f5-5a9c-4500-af77-483e51fe8efd
Sending request = action=getScanningProgress&scanprogressid=4cd1c8f5-5a9c-4500-af77-483e51fe8efd
Sending request = action=getScanningProgress&scanprogressid=4cd1c8f5-5a9c-4500-af77-483e51fe8efd
Sending request = action=getScanningProgress&scanprogressid=4cd1c8f5-5a9c-4500-af77-483e51fe8efd
Sending request = action=getScanningProgress&scanprogressid=4cd1c8f5-5a9c-4500-af77-483e51fe8efd
Sending request = action=getScanningProgress&scanprogressid=4cd1c8f5-5a9c-4500-af77-483e51fe8efd
Sending request = action=getScanningProgress&scanprogressid=4cd1c8f5-5a9c-4500-af77-483e51fe8efd
Sending request = action=getScanningProgress&scanprogressid=4cd1c8f5-5a9c-4500-af77-483e51fe8efd
Sending request = action=getScanningProgress&scanprogressid=4cd1c8f5-5a9c-4500-af77-483e51fe8efd
Sending request = action=getScanningProgress&scanprogressid=4cd1c8f5-5a9c-4500-af77-483e51fe8efd
Sending request = action=getScanningProgress&scanprogressid=4cd1c8f5-5a9c-4500-af77-483e51fe8efd
Sending request = action=getScanningProgress&scanprogressid=4cd1c8f5-5a9c-4500-af77-483e51fe8efd
Sending request = action=getScanningProgress&scanprogressid=4cd1c8f5-5a9c-4500-af77-483e51fe8efd
Sending request = action=getScanningProgress&scanprogressid=4cd1c8f5-5a9c-4500-af77-483e51fe8efd
Sending request = action=getScanningProgress&scanprogressid=4cd1c8f5-5a9c-4500-af77-483e51fe8efd
Sending request = action=getScanningProgress&scanprogressid=4cd1c8f5-5a9c-4500-af77-483e51fe8efd
Sending request = action=getScanningProgress&scanprogressid=4cd1c8f5-5a9c-4500-af77-483e51fe8efd
Sending request = action=getScanningProgress&scanprogressid=4cd1c8f5-5a9c-4500-af77-483e51fe8efd
Sending request = action=getScanningProgress&scanprogressid=4cd1c8f5-5a9c-4500-af77-483e51fe8efd
Sending request = action=getScanningProgress&scanprogressid=4cd1c8f5-5a9c-4500-af77-483e51fe8efd
Sending request = action=getScanningProgress&scanprogressid=4cd1c8f5-5a9c-4500-af77-483e51fe8efd
Sending request = action=getScanningProgress&scanprogressid=4cd1c8f5-5a9c-4500-af77-483e51fe8efd
Sending request = action=getScanningProgress&scanprogressid=4cd1c8f5-5a9c-4500-af77-483e51fe8efd
Sending request = action=getScanningProgress&scanprogressid=4cd1c8f5-5a9c-4500-af77-483e51fe8efd
Sending request = action=getScanningProgress&scanprogressid=4cd1c8f5-5a9c-4500-af77-483e51fe8efd
Sending request = action=getScanningProgress&scanprogressid=4cd1c8f5-5a9c-4500-af77-483e51fe8efd
Sending request = action=getScanningProgress&scanprogressid=4cd1c8f5-5a9c-4500-af77-483e51fe8efd
Sending request = action=getScanningProgress&scanprogressid=4cd1c8f5-5a9c-4500-af77-483e51fe8efd
Sending request = action=getScanningProgress&scanprogressid=4cd1c8f5-5a9c-4500-af77-483e51fe8efd
Sending request = action=getScanningProgress&scanprogressid=4cd1c8f5-5a9c-4500-af77-483e51fe8efd
Sending request = action=getScanningProgress&scanprogressid=4cd1c8f5-5a9c-4500-af77-483e51fe8efd
Sending request = action=getScanningProgress&scanprogressid=4cd1c8f5-5a9c-4500-af77-483e51fe8efd
Sending request = action=getScanningProgress&scanprogressid=4cd1c8f5-5a9c-4500-af77-483e51fe8efd
Sending request = action=getScanningProgress&scanprogressid=4cd1c8f5-5a9c-4500-af77-483e51fe8efd
Sending request = action=getScanningProgress&scanprogressid=4cd1c8f5-5a9c-4500-af77-483e51fe8efd
Sending request = action=getScanningProgress&scanprogressid=4cd1c8f5-5a9c-4500-af77-483e51fe8efd
Sending request = action=getScanningProgress&scanprogressid=4cd1c8f5-5a9c-4500-af77-483e51fe8efd
Sending request = action=getScanningProgress&scanprogressid=4cd1c8f5-5a9c-4500-af77-483e51fe8efd
Sending request = action=getScanningProgress&scanprogressid=4cd1c8f5-5a9c-4500-af77-483e51fe8efd
Sending request = action=getScanningProgress&scanprogressid=4cd1c8f5-5a9c-4500-af77-483e51fe8efd
Sending request = action=getScanningProgress&scanprogressid=4cd1c8f5-5a9c-4500-af77-483e51fe8efd
Sending request = action=getScanningProgress&scanprogressid=4cd1c8f5-5a9c-4500-af77-483e51fe8efd
Sending request = action=getScanningProgress&scanprogressid=4cd1c8f5-5a9c-4500-af77-483e51fe8efd
Sending request = action=getScanningProgress&scanprogressid=4cd1c8f5-5a9c-4500-af77-483e51fe8efd
Sending request = action=getScanningProgress&scanprogressid=4cd1c8f5-5a9c-4500-af77-483e51fe8efd
Sending request = action=getScanningProgress&scanprogressid=4cd1c8f5-5a9c-4500-af77-483e51fe8efd
Sending request = action=getScanningProgress&scanprogressid=4cd1c8f5-5a9c-4500-af77-483e51fe8efd
Sending request = action=getScanningProgress&scanprogressid=4cd1c8f5-5a9c-4500-af77-483e51fe8efd
Sending request = action=getScanningProgress&scanprogressid=4cd1c8f5-5a9c-4500-af77-483e51fe8efd
Sending request = action=getScanningProgress&scanprogressid=4cd1c8f5-5a9c-4500-af77-483e51fe8efd
Sending request = action=getScanningProgress&scanprogressid=4cd1c8f5-5a9c-4500-af77-483e51fe8efd
Sending request = action=getScanningProgress&scanprogressid=4cd1c8f5-5a9c-4500-af77-483e51fe8efd
Sending request = action=getScanningProgress&scanprogressid=4cd1c8f5-5a9c-4500-af77-483e51fe8efd
Sending request = action=getScanningProgress&scanprogressid=4cd1c8f5-5a9c-4500-af77-483e51fe8efd
Sending request = action=getScanningProgress&scanprogressid=4cd1c8f5-5a9c-4500-af77-483e51fe8efd
Sending request = action=getScanningProgress&scanprogressid=4cd1c8f5-5a9c-4500-af77-483e51fe8efd
Sending request = action=getScanningProgress&scanprogressid=4cd1c8f5-5a9c-4500-af77-483e51fe8efd
Sending request = action=getScanningProgress&scanprogressid=4cd1c8f5-5a9c-4500-af77-483e51fe8efd
Sending request = action=getScanningProgress&scanprogressid=4cd1c8f5-5a9c-4500-af77-483e51fe8efd
Sending request = action=getScanningProgress&scanprogressid=4cd1c8f5-5a9c-4500-af77-483e51fe8efd
Sending request = action=getScanningProgress&scanprogressid=4cd1c8f5-5a9c-4500-af77-483e51fe8efd
Sending request = action=getScanningProgress&scanprogressid=4cd1c8f5-5a9c-4500-af77-483e51fe8efd
Sending request = action=getScanningProgress&scanprogressid=4cd1c8f5-5a9c-4500-af77-483e51fe8efd
Sending request = action=getScanningProgress&scanprogressid=4cd1c8f5-5a9c-4500-af77-483e51fe8efd
Sending request = action=getScanningProgress&scanprogressid=4cd1c8f5-5a9c-4500-af77-483e51fe8efd
Sending request = action=getScanningProgress&scanprogressid=4cd1c8f5-5a9c-4500-af77-483e51fe8efd
Sending request = action=getScanningProgress&scanprogressid=4cd1c8f5-5a9c-4500-af77-483e51fe8efd
Sending request = action=getScanningProgress&scanprogressid=4cd1c8f5-5a9c-4500-af77-483e51fe8efd
Sending request = action=getScanningProgress&scanprogressid=4cd1c8f5-5a9c-4500-af77-483e51fe8efd
Sending request = action=getScanningProgress&scanprogressid=4cd1c8f5-5a9c-4500-af77-483e51fe8efd
Sending request = action=getScanningProgress&scanprogressid=4cd1c8f5-5a9c-4500-af77-483e51fe8efd
Sending request = action=getScanningProgress&scanprogressid=4cd1c8f5-5a9c-4500-af77-483e51fe8efd
Sending request = action=getScanningProgress&scanprogressid=4cd1c8f5-5a9c-4500-af77-483e51fe8efd
Sending request = action=getScanningProgress&scanprogressid=4cd1c8f5-5a9c-4500-af77-483e51fe8efd
Sending request = action=getScanningProgress&scanprogressid=4cd1c8f5-5a9c-4500-af77-483e51fe8efd
Sending request = action=getScanningProgress&scanprogressid=4cd1c8f5-5a9c-4500-af77-483e51fe8efd
Sending request = action=getScanningProgress&scanprogressid=4cd1c8f5-5a9c-4500-af77-483e51fe8efd
Sending request = action=getScanningProgress&scanprogressid=4cd1c8f5-5a9c-4500-af77-483e51fe8efd
Sending request = action=getScanningProgress&scanprogressid=4cd1c8f5-5a9c-4500-af77-483e51fe8efd
Sending request = action=getScanningProgress&scanprogressid=4cd1c8f5-5a9c-4500-af77-483e51fe8efd
Sending request = action=getScanningProgress&scanprogressid=4cd1c8f5-5a9c-4500-af77-483e51fe8efd
Sending request = action=getScanningProgress&scanprogressid=4cd1c8f5-5a9c-4500-af77-483e51fe8efd
Sending request = action=getScanningProgress&scanprogressid=4cd1c8f5-5a9c-4500-af77-483e51fe8efd
Sending request = action=getScanningProgress&scanprogressid=4cd1c8f5-5a9c-4500-af77-483e51fe8efd
Sending request = action=getScanningProgress&scanprogressid=4cd1c8f5-5a9c-4500-af77-483e51fe8efd
Sending request = action=getScanningProgress&scanprogressid=4cd1c8f5-5a9c-4500-af77-483e51fe8efd
Sending request = action=getScanningProgress&scanprogressid=4cd1c8f5-5a9c-4500-af77-483e51fe8efd
Sending request = action=getScanningProgress&scanprogressid=4cd1c8f5-5a9c-4500-af77-483e51fe8efd
Sending request = action=getScanningProgress&scanprogressid=4cd1c8f5-5a9c-4500-af77-483e51fe8efd
Sending request = action=getScanningProgress&scanprogressid=4cd1c8f5-5a9c-4500-af77-483e51fe8efd
Sending request = action=getScanningProgress&scanprogressid=4cd1c8f5-5a9c-4500-af77-483e51fe8efd
Sending request = action=getScanningProgress&scanprogressid=4cd1c8f5-5a9c-4500-af77-483e51fe8efd
Sending request = action=getScanningProgress&scanprogressid=4cd1c8f5-5a9c-4500-af77-483e51fe8efd
Sending request = action=getScanningProgress&scanprogressid=4cd1c8f5-5a9c-4500-af77-483e51fe8efd
Sending request = action=getScanningProgress&scanprogressid=4cd1c8f5-5a9c-4500-af77-483e51fe8efd
Sending request = action=getScanningProgress&scanprogressid=4cd1c8f5-5a9c-4500-af77-483e51fe8efd
Sending request = action=getScanningProgress&scanprogressid=4cd1c8f5-5a9c-4500-af77-483e51fe8efd
Sending request = action=getScanningProgress&scanprogressid=4cd1c8f5-5a9c-4500-af77-483e51fe8efd
Sending request = action=getScanningProgress&scanprogressid=4cd1c8f5-5a9c-4500-af77-483e51fe8efd
Sending request = action=getScanningProgress&scanprogressid=4cd1c8f5-5a9c-4500-af77-483e51fe8efd
Sending request = action=getScanningProgress&scanprogressid=4cd1c8f5-5a9c-4500-af77-483e51fe8efd
Sending request = action=getScanningProgress&scanprogressid=4cd1c8f5-5a9c-4500-af77-483e51fe8efd
Sending request = action=getScanningProgress&scanprogressid=4cd1c8f5-5a9c-4500-af77-483e51fe8efd
Sending request = action=getScanningProgress&scanprogressid=4cd1c8f5-5a9c-4500-af77-483e51fe8efd
Sending request = action=getScanningProgress&scanprogressid=4cd1c8f5-5a9c-4500-af77-483e51fe8efd
Sending request = action=getScanningProgress&scanprogressid=4cd1c8f5-5a9c-4500-af77-483e51fe8efd
Sending request = action=getScanningProgress&scanprogressid=4cd1c8f5-5a9c-4500-af77-483e51fe8efd
Sending request = action=getScanningProgress&scanprogressid=4cd1c8f5-5a9c-4500-af77-483e51fe8efd
Sending request = action=getScanningProgress&scanprogressid=4cd1c8f5-5a9c-4500-af77-483e51fe8efd
Sending request = action=getScanningProgress&scanprogressid=4cd1c8f5-5a9c-4500-af77-483e51fe8efd
Sending request = action=getScanningProgress&scanprogressid=4cd1c8f5-5a9c-4500-af77-483e51fe8efd
Sending request = action=getScanningProgress&scanprogressid=4cd1c8f5-5a9c-4500-af77-483e51fe8efd
Sending request = action=getScanningProgress&scanprogressid=4cd1c8f5-5a9c-4500-af77-483e51fe8efd
Sending request = action=getScanningProgress&scanprogressid=4cd1c8f5-5a9c-4500-af77-483e51fe8efd
Sending request = action=getScanningProgress&scanprogressid=4cd1c8f5-5a9c-4500-af77-483e51fe8efd
Sending request = action=getScanningProgress&scanprogressid=4cd1c8f5-5a9c-4500-af77-483e51fe8efd
Sending request = action=getScanningProgress&scanprogressid=4cd1c8f5-5a9c-4500-af77-483e51fe8efd
Sending request = action=getScanningProgress&scanprogressid=4cd1c8f5-5a9c-4500-af77-483e51fe8efd
Final response = $VAR1 = {
  'ScanningProgress' => {
    'status' => '9',
    'value' => '10'
  }
};

Stopping service
Waiting for valgrind to finish.
