Copying pre defined environment
STARTING app...
Now ready
Starting Web Client
Stopping service
Waiting for valgrind to finish.
