Copying pre defined environment
Copying default database
STARTING app...
Now ready
No need for a web client for this test.
Sending request = action=checkLogin&password=password&username=test-user
Sending request = 
no post data = $VAR1 = {
  'error' => 'Your request could not be processed'
};

Sending request = action=rumplestilskin
Unknown action = $VAR1 = {
  'error' => 'Your request could not be processed'
};

Sending request = action=checkLogin
checkLogin = $VAR1 = {
  'error' => 'Your request could not be processed'
};

Sending request = action=deleteDoc
deleteDoc = $VAR1 = {
  'error' => 'Your request could not be processed'
};

Sending request = action=doScan
doScan = $VAR1 = {
  'error' => 'Your request could not be processed'
};

Sending request = action=docFilter
docFilter = $VAR1 = {
  'error' => 'Your request could not be processed'
};

Sending request = action=getDocDetail
getDocDetail = $VAR1 = {
  'error' => 'Your request could not be processed'
};

Sending request = action=getScannerList
getScannerList = $VAR1 = {
  'ScannerList' => {
    'Devices' => {
      'Device' => {
        'host' => 'opendias server',
        'model' => 'Frontend-tester',
        'name' => 'test:0',
        'type' => 'Virtual Device',
        'vendor' => 'Noname'
      }
    }
  }
};

Sending request = action=getScanningProgress
getScanningProgress = $VAR1 = {
  'error' => 'Your request could not be processed'
};

Sending request = action=logout
logout = $VAR1 = {
  'Logout' => {
    'result' => 'OK'
  }
};

Sending request = action=moveTag
moveTag = $VAR1 = {
  'error' => 'You do not have permissions to complete the request'
};

Sending request = action=nextPageReady
nextPageReady = $VAR1 = {
  'error' => 'You do not have permissions to complete the request'
};

Sending request = action=tagsAutoComplete
tagsAutoComplete = $VAR1 = {
  'error' => 'You do not have permissions to complete the request'
};

Sending request = action=titleAutoComplete
titleAutoComplete = $VAR1 = {
  'error' => 'You do not have permissions to complete the request'
};

Sending request = action=updateDocDetails
updateDocDetails = $VAR1 = {
  'error' => 'You do not have permissions to complete the request'
};

Sending request = action=updateUser
updateUser = $VAR1 = {
  'error' => 'Your request could not be processed'
};

Sending request = action=docFilter&endDate=2012-12-31&isActionRequired=true&page=8&range=8&sortfield=1234&sortorder=1234&startDate=2012-12-31&subaction=rumplestilskin&tags=some%20text&textSearch=some%20text
Unknown subaction on action of docFilter = $VAR1 = {
  'error' => 'You do not have permissions to complete the request'
};

Sending request = action=moveTag&docid=1234&subaction=rumplestilskin&tag=some%20text
Unknown subaction on action of moveTag = $VAR1 = {
  'error' => 'You do not have permissions to complete the request'
};

Sending request = action=docFilter&subaction=count
actions of docFilter / count, no supporting fields = $VAR1 = {
  'error' => 'You do not have permissions to complete the request'
};

Sending request = action=docFilter&subaction=fullList
actions of docFilter / fullList, no supporting fields = $VAR1 = {
  'error' => 'You do not have permissions to complete the request'
};

Sending request = action=moveTag&subaction=addDoc
actions of moveTag / addDoc, no supporting fields = $VAR1 = {
  'error' => 'You do not have permissions to complete the request'
};

Sending request = action=moveTag&subaction=addTag
actions of moveTag / addTag, no supporting fields = $VAR1 = {
  'error' => 'You do not have permissions to complete the request'
};

Sending request = action=moveTag&subaction=removeDoc
actions of moveTag / removeDoc, no supporting fields = $VAR1 = {
  'error' => 'You do not have permissions to complete the request'
};

Sending request = action=moveTag&subaction=removeTag
actions of moveTag / removeTag, no supporting fields = $VAR1 = {
  'error' => 'You do not have permissions to complete the request'
};

Sending request = action=checkLogin&password=some%20text&rogue_field=evil&username=some%20text
rogue field in actions of checkLogin = $VAR1 = {
  'error' => 'Your request could not be processed'
};

Sending request = action=deleteDoc&docid=1234&rogue_field=evil
rogue field in actions of deleteDoc = $VAR1 = {
  'error' => 'You do not have permissions to complete the request'
};

Sending request = action=doScan&deviceid=some%20text&format=gray&ocr=eng&pagelength=100&pages=8&resolution=300&rogue_field=evil
rogue field in actions of doScan = $VAR1 = {
  'error' => 'You do not have permissions to complete the request'
};

Sending request = action=docFilter&endDate=2012-12-31&isActionRequired=true&page=8&range=8&rogue_field=evil&sortfield=1234&sortorder=1234&startDate=2012-12-31&subaction=count&tags=some%20text&textSearch=some%20text
rogue field in actions of docFilter / count = $VAR1 = {
  'error' => 'You do not have permissions to complete the request'
};

Sending request = action=docFilter&endDate=2012-12-31&isActionRequired=true&page=8&range=8&rogue_field=evil&sortfield=1234&sortorder=1234&startDate=2012-12-31&subaction=fullList&tags=some%20text&textSearch=some%20text
rogue field in actions of docFilter / fullList = $VAR1 = {
  'error' => 'You do not have permissions to complete the request'
};

Sending request = action=getDocDetail&docid=1234&rogue_field=evil
rogue field in actions of getDocDetail = $VAR1 = {
  'error' => 'You do not have permissions to complete the request'
};

Sending request = action=getScannerList&rogue_field=evil
rogue field in actions of getScannerList = $VAR1 = {
  'error' => 'You do not have permissions to complete the request'
};

Sending request = action=getScanningProgress&rogue_field=evil&scanprogressid=[ZZZZZZZZ-UUID-ZZZZ-ZZZZ-ZZZZZZZZZZZZ]
rogue field in actions of getScanningProgress = $VAR1 = {
  'error' => 'You do not have permissions to complete the request'
};

Sending request = action=logout&rogue_field=evil
rogue field in actions of logout = $VAR1 = {
  'error' => 'Your request could not be processed'
};

Sending request = action=moveTag&docid=1234&rogue_field=evil&subaction=addDoc&tag=some%20text
rogue field in actions of moveTag / addDoc = $VAR1 = {
  'error' => 'You do not have permissions to complete the request'
};

Sending request = action=moveTag&docid=1234&rogue_field=evil&subaction=addTag&tag=some%20text
rogue field in actions of moveTag / addTag = $VAR1 = {
  'error' => 'You do not have permissions to complete the request'
};

Sending request = action=moveTag&docid=1234&rogue_field=evil&subaction=removeDoc&tag=some%20text
rogue field in actions of moveTag / removeDoc = $VAR1 = {
  'error' => 'You do not have permissions to complete the request'
};

Sending request = action=moveTag&docid=1234&rogue_field=evil&subaction=removeTag&tag=some%20text
rogue field in actions of moveTag / removeTag = $VAR1 = {
  'error' => 'You do not have permissions to complete the request'
};

Sending request = action=nextPageReady&rogue_field=evil&scanprogressid=[ZZZZZZZZ-UUID-ZZZZ-ZZZZ-ZZZZZZZZZZZZ]
rogue field in actions of nextPageReady = $VAR1 = {
  'error' => 'You do not have permissions to complete the request'
};

Sending request = action=tagsAutoComplete&docid=1234&rogue_field=evil&startsWith=test
rogue field in actions of tagsAutoComplete = $VAR1 = {
  'error' => 'You do not have permissions to complete the request'
};

Sending request = action=titleAutoComplete&notLinkedTo=1234&rogue_field=evil&startsWith=test
rogue field in actions of titleAutoComplete = $VAR1 = {
  'error' => 'You do not have permissions to complete the request'
};

Sending request = action=updateDocDetails&docid=1234&kkey=1234&rogue_field=evil&vvalue=some%20text
rogue field in actions of updateDocDetails = $VAR1 = {
  'error' => 'You do not have permissions to complete the request'
};

Sending request = action=updateUser&password=some%20text&realname=some%20text&rogue_field=evil&username=some%20text
rogue field in actions of updateUser = $VAR1 = {
  'error' => 'Your request could not be processed'
};

Sending request = action=checkLogin&password=&username=some%20text
field password with duff data, checkLogin = $VAR1 = {
  'error' => 'Your request could not be processed'
};

Sending request = action=checkLogin&password=some%20text&username=
field username with duff data, checkLogin = $VAR1 = {
  'error' => 'Your request could not be processed'
};

Sending request = action=deleteDoc&docid=123499999
field docid with duff data, deleteDoc = $VAR1 = {
  'error' => 'You do not have permissions to complete the request'
};

Sending request = action=doScan&deviceid=&format=gray&ocr=eng&pagelength=100&pages=8&resolution=300
field deviceid with duff data, doScan = $VAR1 = {
  'error' => 'You do not have permissions to complete the request'
};

Sending request = action=doScan&deviceid=some%20text&format=&ocr=eng&pagelength=100&pages=8&resolution=300
field format with duff data, doScan = $VAR1 = {
  'error' => 'You do not have permissions to complete the request'
};

Sending request = action=doScan&deviceid=some%20text&format=gray&ocr=ZZZ&pagelength=100&pages=8&resolution=300
field ocr with duff data, doScan = $VAR1 = {
  'error' => 'You do not have permissions to complete the request'
};

Sending request = action=doScan&deviceid=some%20text&format=gray&ocr=eng&pagelength=&pages=8&resolution=300
field pagelength with duff data, doScan = $VAR1 = {
  'error' => 'You do not have permissions to complete the request'
};

Sending request = action=doScan&deviceid=some%20text&format=gray&ocr=eng&pagelength=100&pages=999999&resolution=300
field pages with duff data, doScan = $VAR1 = {
  'error' => 'You do not have permissions to complete the request'
};

Sending request = action=doScan&deviceid=some%20text&format=gray&ocr=eng&pagelength=100&pages=8&resolution=
field resolution with duff data, doScan = $VAR1 = {
  'error' => 'You do not have permissions to complete the request'
};

Sending request = action=docFilter&endDate=12-31-2012&isActionRequired=true&page=8&range=8&sortfield=1234&sortorder=1234&startDate=2012-12-31&subaction=count&tags=some%20text&textSearch=some%20text
field endDate with duff data, docFilter / count = $VAR1 = {
  'error' => 'You do not have permissions to complete the request'
};

Sending request = action=docFilter&endDate=12-31-2012&isActionRequired=true&page=8&range=8&sortfield=1234&sortorder=1234&startDate=2012-12-31&subaction=fullList&tags=some%20text&textSearch=some%20text
field endDate with duff data, docFilter / fullList = $VAR1 = {
  'error' => 'You do not have permissions to complete the request'
};

Sending request = action=docFilter&endDate=2012-12-31&isActionRequired=yes&page=8&range=8&sortfield=1234&sortorder=1234&startDate=2012-12-31&subaction=count&tags=some%20text&textSearch=some%20text
field isActionRequired with duff data, docFilter / count = $VAR1 = {
  'error' => 'You do not have permissions to complete the request'
};

Sending request = action=docFilter&endDate=2012-12-31&isActionRequired=yes&page=8&range=8&sortfield=1234&sortorder=1234&startDate=2012-12-31&subaction=fullList&tags=some%20text&textSearch=some%20text
field isActionRequired with duff data, docFilter / fullList = $VAR1 = {
  'error' => 'You do not have permissions to complete the request'
};

Sending request = action=docFilter&endDate=2012-12-31&isActionRequired=true&page=999999&range=8&sortfield=1234&sortorder=1234&startDate=2012-12-31&subaction=count&tags=some%20text&textSearch=some%20text
field page with duff data, docFilter / count = $VAR1 = {
  'error' => 'You do not have permissions to complete the request'
};

Sending request = action=docFilter&endDate=2012-12-31&isActionRequired=true&page=999999&range=8&sortfield=1234&sortorder=1234&startDate=2012-12-31&subaction=fullList&tags=some%20text&textSearch=some%20text
field page with duff data, docFilter / fullList = $VAR1 = {
  'error' => 'You do not have permissions to complete the request'
};

Sending request = action=docFilter&endDate=2012-12-31&isActionRequired=true&page=8&range=999999&sortfield=1234&sortorder=1234&startDate=2012-12-31&subaction=count&tags=some%20text&textSearch=some%20text
field range with duff data, docFilter / count = $VAR1 = {
  'error' => 'You do not have permissions to complete the request'
};

Sending request = action=docFilter&endDate=2012-12-31&isActionRequired=true&page=8&range=999999&sortfield=1234&sortorder=1234&startDate=2012-12-31&subaction=fullList&tags=some%20text&textSearch=some%20text
field range with duff data, docFilter / fullList = $VAR1 = {
  'error' => 'You do not have permissions to complete the request'
};

Sending request = action=docFilter&endDate=2012-12-31&isActionRequired=true&page=8&range=8&sortfield=123499999&sortorder=1234&startDate=2012-12-31&subaction=count&tags=some%20text&textSearch=some%20text
field sortfield with duff data, docFilter / count = $VAR1 = {
  'error' => 'You do not have permissions to complete the request'
};

Sending request = action=docFilter&endDate=2012-12-31&isActionRequired=true&page=8&range=8&sortfield=123499999&sortorder=1234&startDate=2012-12-31&subaction=fullList&tags=some%20text&textSearch=some%20text
field sortfield with duff data, docFilter / fullList = $VAR1 = {
  'error' => 'You do not have permissions to complete the request'
};

Sending request = action=docFilter&endDate=2012-12-31&isActionRequired=true&page=8&range=8&sortfield=1234&sortorder=123499999&startDate=2012-12-31&subaction=count&tags=some%20text&textSearch=some%20text
field sortorder with duff data, docFilter / count = $VAR1 = {
  'error' => 'You do not have permissions to complete the request'
};

Sending request = action=docFilter&endDate=2012-12-31&isActionRequired=true&page=8&range=8&sortfield=1234&sortorder=123499999&startDate=2012-12-31&subaction=fullList&tags=some%20text&textSearch=some%20text
field sortorder with duff data, docFilter / fullList = $VAR1 = {
  'error' => 'You do not have permissions to complete the request'
};

Sending request = action=docFilter&endDate=2012-12-31&isActionRequired=true&page=8&range=8&sortfield=1234&sortorder=1234&startDate=12-31-2012&subaction=count&tags=some%20text&textSearch=some%20text
field startDate with duff data, docFilter / count = $VAR1 = {
  'error' => 'You do not have permissions to complete the request'
};

Sending request = action=docFilter&endDate=2012-12-31&isActionRequired=true&page=8&range=8&sortfield=1234&sortorder=1234&startDate=12-31-2012&subaction=fullList&tags=some%20text&textSearch=some%20text
field startDate with duff data, docFilter / fullList = $VAR1 = {
  'error' => 'You do not have permissions to complete the request'
};

Sending request = action=docFilter&endDate=2012-12-31&isActionRequired=true&page=8&range=8&sortfield=1234&sortorder=1234&startDate=2012-12-31&subaction=count&tags=&textSearch=some%20text
field tags with duff data, docFilter / count = $VAR1 = {
  'error' => 'You do not have permissions to complete the request'
};

Sending request = action=docFilter&endDate=2012-12-31&isActionRequired=true&page=8&range=8&sortfield=1234&sortorder=1234&startDate=2012-12-31&subaction=fullList&tags=&textSearch=some%20text
field tags with duff data, docFilter / fullList = $VAR1 = {
  'error' => 'You do not have permissions to complete the request'
};

Sending request = action=docFilter&endDate=2012-12-31&isActionRequired=true&page=8&range=8&sortfield=1234&sortorder=1234&startDate=2012-12-31&subaction=count&tags=some%20text&textSearch=
field textSearch with duff data, docFilter / count = $VAR1 = {
  'error' => 'You do not have permissions to complete the request'
};

Sending request = action=docFilter&endDate=2012-12-31&isActionRequired=true&page=8&range=8&sortfield=1234&sortorder=1234&startDate=2012-12-31&subaction=fullList&tags=some%20text&textSearch=
field textSearch with duff data, docFilter / fullList = $VAR1 = {
  'error' => 'You do not have permissions to complete the request'
};

Sending request = action=getDocDetail&docid=123499999
field docid with duff data, getDocDetail = $VAR1 = {
  'error' => 'You do not have permissions to complete the request'
};

Sending request = action=getScanningProgress&scanprogressid=[ZZZZZZZZ-UUID-ZZZZ-ZZZZ-ZZZZZZZZZZZZ]
field scanprogressid with duff data, getScanningProgress = $VAR1 = {
  'error' => 'You do not have permissions to complete the request'
};

Sending request = action=moveTag&docid=123499999&subaction=addDoc&tag=some%20text
field docid with duff data, moveTag / addDoc = $VAR1 = {
  'error' => 'You do not have permissions to complete the request'
};

Sending request = action=moveTag&docid=123499999&subaction=addTag&tag=some%20text
field docid with duff data, moveTag / addTag = $VAR1 = {
  'error' => 'You do not have permissions to complete the request'
};

Sending request = action=moveTag&docid=123499999&subaction=removeDoc&tag=some%20text
field docid with duff data, moveTag / removeDoc = $VAR1 = {
  'error' => 'You do not have permissions to complete the request'
};

Sending request = action=moveTag&docid=123499999&subaction=removeTag&tag=some%20text
field docid with duff data, moveTag / removeTag = $VAR1 = {
  'error' => 'You do not have permissions to complete the request'
};

Sending request = action=moveTag&docid=1234&subaction=addDoc&tag=
field tag with duff data, moveTag / addDoc = $VAR1 = {
  'error' => 'You do not have permissions to complete the request'
};

Sending request = action=moveTag&docid=1234&subaction=addTag&tag=
field tag with duff data, moveTag / addTag = $VAR1 = {
  'error' => 'You do not have permissions to complete the request'
};

Sending request = action=moveTag&docid=1234&subaction=removeDoc&tag=
field tag with duff data, moveTag / removeDoc = $VAR1 = {
  'error' => 'You do not have permissions to complete the request'
};

Sending request = action=moveTag&docid=1234&subaction=removeTag&tag=
field tag with duff data, moveTag / removeTag = $VAR1 = {
  'error' => 'You do not have permissions to complete the request'
};

Sending request = action=nextPageReady&scanprogressid=[ZZZZZZZZ-UUID-ZZZZ-ZZZZ-ZZZZZZZZZZZZ]
field scanprogressid with duff data, nextPageReady = $VAR1 = {
  'error' => 'You do not have permissions to complete the request'
};

Sending request = action=tagsAutoComplete&docid=123499999&startsWith=test
field docid with duff data, tagsAutoComplete = $VAR1 = {
  'error' => 'You do not have permissions to complete the request'
};

Sending request = action=tagsAutoComplete&docid=1234&startsWith=
field startsWith with duff data, tagsAutoComplete = $VAR1 = {
  'error' => 'You do not have permissions to complete the request'
};

Sending request = action=titleAutoComplete&notLinkedTo=123499999&startsWith=test
field notLinkedTo with duff data, titleAutoComplete = $VAR1 = {
  'error' => 'You do not have permissions to complete the request'
};

Sending request = action=titleAutoComplete&notLinkedTo=1234&startsWith=
field startsWith with duff data, titleAutoComplete = $VAR1 = {
  'error' => 'You do not have permissions to complete the request'
};

Sending request = action=updateDocDetails&docid=123499999&kkey=1234&vvalue=some%20text
field docid with duff data, updateDocDetails = $VAR1 = {
  'error' => 'You do not have permissions to complete the request'
};

Sending request = action=updateDocDetails&docid=1234&kkey=123499999&vvalue=some%20text
field kkey with duff data, updateDocDetails = $VAR1 = {
  'error' => 'You do not have permissions to complete the request'
};

Sending request = action=updateDocDetails&docid=1234&kkey=1234&vvalue=
field vvalue with duff data, updateDocDetails = $VAR1 = {
  'error' => 'You do not have permissions to complete the request'
};

Sending request = action=updateUser&password=&realname=some%20text&username=some%20text
field password with duff data, updateUser = $VAR1 = {
  'error' => 'You do not have permissions to complete the request'
};

Sending request = action=updateUser&password=some%20text&realname=&username=some%20text
field realname with duff data, updateUser = $VAR1 = {
  'error' => 'You do not have permissions to complete the request'
};

Sending request = action=updateUser&password=some%20text&realname=some%20text&username=
field username with duff data, updateUser = $VAR1 = {
  'error' => 'Your request could not be processed'
};

Stopping service
Waiting for valgrind to finish.
