STDOUT
--------------------------------------------------
LOG-OUTPUT
-date-:-thread-:INF: Using config file: [CONFIG_FILE]
-date-:-thread-:INF: Which says the database is at: /tmp/opendiastest/
-date-:-thread-:DBG: Dir structure is in-place, database should exist
-date-:-thread-:DBG: Checking for a populated database
-date-:-thread-:DBG: Run Query [RECORDSET]
-date-:-thread-:DBG: We have one. So will check to see what verstion it is.
-date-:-thread-:DBG: Free recordset [RECORDSET]
-date-:-thread-:DBG: Run Query [RECORDSET]
-date-:-thread-:DBG: Database reports that it is version: 6
-date-:-thread-:DBG: Free recordset [RECORDSET]
-date-:-thread-:INF: Connected to database
-date-:-thread-:DBG: Run Query [RECORDSET]
-date-:-thread-:INF: Config setting: log_verbosity = 3
-date-:-thread-:INF: Config setting: scan_directory = /tmp/opendiastest
-date-:-thread-:INF: Config setting: show_all_available = 1
-date-:-thread-:INF: Config setting: port = 8988
-date-:-thread-:INF: Config setting: log_directory = /var/log/opendias
-date-:-thread-:INF: Created directory.
-date-:-thread-:INF: ... Starting up the openDias service.
-date-:-thread-:INF: ready to accept connectons
-date-:-thread-:ERR: no requested 'action' given.
-date-:-thread-:WRN: disallowed content: post request for unknown action - (null)
-date-:-thread-:ERR: requested 'action' (of 'rumplestilskin') is not available.
-date-:-thread-:WRN: disallowed content: post request for unknown action - rumplestilskin
-date-:-thread-:INF: Processing request for: delete document
-date-:-thread-:INF: Processing request for: doScan
-date-:-thread-:INF: Processing request for: Doc List Filter
-date-:-thread-:INF: Processing request for: document details
-date-:-thread-:INF: Processing request for: getScannerList
-date-:-thread-:INF: Processing request for: getScanning Progress
-date-:-thread-:INF: Processing request for: Move Tag
-date-:-thread-:INF: Processing request for: restart scan after page change
-date-:-thread-:INF: Processing request for: tagsAutoComplete
-date-:-thread-:INF: Processing request for: titleAutoComplete
-date-:-thread-:INF: Processing request for: update doc details
-date-:-thread-:INF: Processing request for: Doc List Filter
-date-:-thread-:ERR: Validation failed: fullList/count check
-date-:-thread-:INF: Processing request for: Move Tag
-date-:-thread-:ERR: Validation failed: add/remove check
-date-:-thread-:INF: Processing request for: Doc List Filter
-date-:-thread-:INF: Processing request for: Move Tag
-date-:-thread-:INF: Received SIGUSR1 signal.
-date-:-thread-:INF: openDias service is shutting down....
-date-:-thread-:INF: ....openDias service has shutdown
