==XXXXX==  Memcheck, a memory error detector
==XXXXX==  Copyright (C) 2002-2009, and GNU GPL'd, by Julian Seward et al.
==XXXXX==  Using Valgrind-3.6.0.SVN-Debian and LibVEX; rerun with -h for copyright info
==XXXXX==  Command: ../src/opendias -c /home/wbooth/store/nonweb/opendias/current_code/test/config/testapp.conf
==XXXXX==  Parent PID: XXXXX.
==XXXXX==  
==XXXXX==  Warning: invalid file descriptor 1014 in syscall close()
==XXXXX==  
==XXXXX==  HEAP SUMMARY:
==XXXXX==      in use at exit: XXX bytes in XXX blocks
==XXXXX==    total heap usage: XXXX allocs, XXXX frees, XXX bytes allocated
==XXXXX==  
==XXXXX==  All heap blocks were freed -- no leaks are possible
==XXXXX==  
==XXXXX==  For counts of detected and suppressed errors, rerun with: -v
==XXXXX==  ERROR SUMMARY: 0 errors from 0 contexts (suppressed: XXX from XXX)
