STARTING app...
Now ready
Starting Web Client
Correct DB version.
Stopping service
Waiting for valgrind to finish.
