<ldtp>
<warning>1_2-Clean-Open: Open and close the application with no database.</warning>
<test name="Test: Openning App">
<pass>1</pass>
</test>
<test name="Test: About page">
<pass>1</pass>
</test>
<test name="Test: Closing App">
<pass>1</pass>
</test>
