Copying pre defined environment
Copying default database
No need for valgrind on this test.
STARTING app...
Now ready
Asked to start a web clinet.
Starting Web Client
Fetching page: /
Checking that the page has finished.
FAIL: Home page title was incorrect
Stopping service
Waiting for valgrind to finish.
