Copying pre defined environment
STARTING app...
Now ready
Fetching page: /
Checking that the page has finished.
Checking that the page has finished.
Checking that the page has finished.
Checking that the page has finished.
Checking that the page has finished.
Stopping service
Waiting for valgrind to finish.
