Copying pre defined environment
Copying default database
STARTING app...
Now ready
No need for a web client for this test.
Scanner List
Sending request = action=getScannerList
$VAR1 = {
  'error' => 'Your request could not be processed'
};

Stopping service
Waiting for valgrind to finish.
