STDOUT
--------------------------------------------------
LOG-OUTPUT
-date-:-thread-:INF: Using config file: [CONFIG_FILE]
-date-:-thread-:INF: Which says the database is at: /tmp/opendiastest/
-date-:-thread-:DBG: Dir structure is in-place, database should exist
-date-:-thread-:DBG: Run Query
-date-:-thread-:DBG: Free recordset
-date-:-thread-:DBG: Run Query
-date-:-thread-:DBG: Free recordset
-date-:-thread-:INF: Connected to database
-date-:-thread-:DBG: Run Query
-date-:-thread-:INF: Config setting: log_verbosity = 3
-date-:-thread-:INF: Config setting: scan_directory = /tmp/opendiastest
-date-:-thread-:INF: Config setting: show_all_available = 1
-date-:-thread-:INF: Config setting: port = 8988
-date-:-thread-:INF: Config setting: log_directory = /var/log/opendias
-date-:-thread-:INF: Created directory.
-date-:-thread-:INF: ... Starting up the openDias service.
-date-:-thread-:INF: ready to accept connectons
-date-:-thread-:INF: Serving request: /docDetail.html
-date-:-thread-:INF: Serving request: /includes/jquery.js
-date-:-thread-:INF: Serving request: /includes/jquery-ui.min.js
-date-:-thread-:INF: Serving request: /includes/jquery.mousewheel.js
-date-:-thread-:INF: Serving request: /includes/jquery.gzoom.js
-date-:-thread-:INF: Serving request: /includes/jquery.tablesorter.min.js
-date-:-thread-:INF: Serving request: /includes/jquery.easySlider.js
-date-:-thread-:INF: Serving request: /includes/openDias.saveDetails.js
-date-:-thread-:INF: Serving request: /includes/openDias.loadDetails.js
-date-:-thread-:INF: Serving request: /style/common.css
-date-:-thread-:INF: Serving request: /style/jquery-ui.css
-date-:-thread-:INF: Serving request: /style/jquery.gzoom.css
-date-:-thread-:INF: Serving request: /style/tablesorter.css
-date-:-thread-:INF: Serving request: /style/jquery.easyslider.css
-date-:-thread-:INF: Processing request for: document details
-date-:-thread-:INF: Received SIGUSR1 signal.
-date-:-thread-:INF: openDias service is shutting down....
-date-:-thread-:INF: ....openDias service has shutdown
