STDOUT
--------------------------------------------------
LOG-OUTPUT
-date-:-thread-:INF: Running in daemon mode.
-date-:-thread-:INF: Child process created [CONFIG_FILE]
-date-:-thread-:DBG: setup launched
-date-:-thread-:INF: Setting default log (/tmp/opendias_test/var/log/opendias) verbosity to 4.
-date-:-thread-:INF: Using config file: [CONFIG_FILE]
-date-:-thread-:ERR: Could not open file: /tmp/opendias_test/etc/opendias/testappMISSING.conf
-date-:-thread-:ERR: Cannot find main config file: /tmp/opendias_test/etc/opendias/testappMISSING.conf
-date-:-thread-:INF: openDias service is shutting down....
-date-:-thread-:INF: openDias service has shutdown.
