Copying pre defined environment
Copying default database
No need for valgrind on this test.
STARTING app...
Now ready
Asked to start a web clinet.
Starting Web Client
Fetching page: /
Checking that the page has finished.
Fetching page: /docDetail.html?docid=999
Checking that the page has finished.
Correctly informed - no such doc
Stopping service
Waiting for valgrind to finish.
