Copying pre defined environment
Copying default database
Updated start command to use overidden libs
No need for valgrind on this test.
STARTING app...
Now ready
Asked to start a web clinet.
Starting Web Client
Fetching page: /
Checking that the page has finished.
Fetching page: /acquire.html
Checking that the page has finished.
Starting the scan.
Checking that the page has finished.
New page has loaded
Document Detail
Stopping service
Waiting for valgrind to finish.
