Copying pre defined environment
Copying default database
Reserved the opendias port, to stop the service from starting correctly.
STARTING app...
Now ready
Starting Web Client
Stopping service
Waiting for valgrind to finish.
